// Jest Snapshot v1, https://goo.gl/fbAQLP

exports[`Box should create a box single row 1`] = `
<tr>
  <td>
    Max
  </td>
  <td>
    50 kg
  </td>
  <td>
    <input
      disabled={true}
      type="color"
      value="#ffff64"
    />
  </td>
  <td>
    Sweden
  </td>
  <td>
    65 SEK
  </td>
</tr>
`;

exports[`BoxList should create empty table 1`] = `
<div
  className="displayTable"
>
  <table>
    <thead>
      <tr>
        <th>
          Receiver
        </th>
        <th>
          Weight
        </th>
        <th>
          Color
        </th>
        <th>
          Destination
        </th>
        <th>
          Shipping cost
        </th>
      </tr>
    </thead>
    <tbody />
  </table>
</div>
`;
