// Jest Snapshot v1, https://goo.gl/fbAQLP

exports[`BoxList should render correctly in "debug" mode 1`] = `
<div
  className="displayTable"
>
  <table>
    <thead>
      <tr>
        <th>
          Receiver
        </th>
        <th>
          Weight
        </th>
        <th>
          Color
        </th>
        <th>
          Destination
        </th>
        <th>
          Shipping cost
        </th>
      </tr>
    </thead>
    <tbody />
  </table>
</div>
`;
